✔ valid claim IDs ground numbers, quotes, credentials, and named results (4.254208ms)
✔ a number present in source text still fails without a claim ID (0.633ms)
✔ integer and decimal JSON primitives at the root fail without claim IDs (1.070709ms)
✔ nested numeric primitives use inherited claim IDs through objects and arrays (0.124209ms)
✔ nested numeric primitives fail when the nearest inherited claims do not match (0.420125ms)
✔ unknown and malformed claim ID declarations fail closed (0.22125ms)
✔ numeric grounding compares values exactly instead of by substring (0.071208ms)
✔ numeric grounding requires compatible units (0.165209ms)
✔ different unrecognized unit words do not ground each other (0.251333ms)
✔ an exact unrecognized unit word remains groundable (0.256917ms)
✔ a shared adjective cannot ground different unknown compound measures (0.063792ms)
✔ unknown compound measures require bounded full-phrase matches (0.164584ms)
✔ numeric grounding compares complete per-unit context (0.087208ms)
✔ numeric grounding compares currency following a scale (0.05775ms)
✔ ambiguous German numeric tokens require exact raw equality (0.107083ms)
✔ credential grounding rejects partial canonical text (0.036125ms)
✔ unsupported quote, credential, and named result fail independently (0.098625ms)
✔ actual resolver outcome and trust fields fail without supporting claims (0.449083ms)
✔ claim-gate node adapter consumes parsed output and the canonical ledger (0.15675ms)
✔ claim-gate node adapter fails closed without inputs or on violations (0.1025ms)
✔ claim-gate node adapter preserves and propagates a prior failure (0.095833ms)
✔ source-ledger full source executes with n8n $input and no CommonJS globals (2.025375ms)
✔ claim-gate full source executes with n8n $input and no CommonJS globals (2.266458ms)
✔ writer-gate full source executes with n8n $input and no CommonJS globals (1.906458ms)
✔ resolver declares optional claim IDs at the root and every nested content object (1.934333ms)
✔ optional claim IDs never enter the required output skeleton (0.59625ms)
✔ resolver still rejects unknown ST types (0.259417ms)
✔ writer prompt matches renderer-backed bildwunsch and ST-03 schema (0.439958ms)
✔ source ledger emits only canonical top-level and source fields (2.593458ms)
✔ portable SHA-256 matches canonical ASCII and UTF-8 vectors (0.090042ms)
✔ source ledger produces stable IDs and exact source spans (1.919375ms)
✔ claims emit canonical fields and explicit claim types (0.192625ms)
✔ computed claim declares only its formula and operands and recomputes its value (0.170292ms)
✔ computed claims parse dot decimals without treating the dot as a thousands separator (0.229208ms)
✔ computed claims parse German comma decimals (0.117167ms)
✔ computed claims parse unambiguous repeated thousands groups (0.127ms)
✔ computed claims reject ambiguous single-separator numbers (0.225667ms)
✔ computed claims reject malformed numeric grouping (0.133292ms)
✔ computed difference rejects incompatible operand and result dimensions (0.136709ms)
✔ difference and ratio require exactly two operands (0.151583ms)
✔ sum uses every operand and requires compatible dimensions (0.143959ms)
✔ claim source text must match an exact source span (0.056458ms)
✔ source rights metadata is required (0.045375ms)
✔ source-ledger node adapter preserves the item and attaches the canonical handshake (0.230458ms)
✔ German-direct writer output passes and English prose fails (4.124292ms)
✔ short English titles and labels fail while short German labels pass (0.17125ms)
✔ mixed English prose fails despite isolated German function words (0.125041ms)
✔ writer gate retains deterministic German copy-law checks (2.072167ms)
✔ German banned vocabulary rejects common adjective inflections (0.162375ms)
✔ writer gate source contains no translation mode architecture (0.166125ms)
✔ writer node adapter preserves the item, attaches versions, and fails closed (0.13125ms)
ℹ tests 51
ℹ suites 0
ℹ pass 51
ℹ fail 0
ℹ cancelled 0
ℹ skipped 0
ℹ todo 0
ℹ duration_ms 79.527625
