✔ valid claim IDs ground numbers, quotes, credentials, and named results (3.836166ms)
✔ a number present in source text still fails without a claim ID (0.638959ms)
✔ integer and decimal JSON primitives at the root fail without claim IDs (0.796166ms)
✔ nested numeric primitives use inherited claim IDs through objects and arrays (0.536792ms)
✔ nested numeric primitives fail when the nearest inherited claims do not match (0.098708ms)
✔ unknown and malformed claim ID declarations fail closed (0.232416ms)
✔ numeric grounding compares values exactly instead of by substring (0.073709ms)
✔ numeric grounding requires compatible units (0.180791ms)
✔ different unrecognized unit words do not ground each other (0.276709ms)
✔ an exact unrecognized unit word remains groundable (0.265834ms)
✔ a shared adjective cannot ground different unknown compound measures (0.064125ms)
✔ unknown compound measures require bounded full-phrase matches (0.172417ms)
✔ numeric grounding compares complete per-unit context (0.096834ms)
✔ numeric grounding compares currency following a scale (0.053333ms)
✔ ambiguous German numeric tokens require exact raw equality (0.111375ms)
✔ credential grounding rejects partial canonical text (0.035667ms)
✔ unsupported quote, credential, and named result fail independently (0.102375ms)
✔ actual resolver outcome and trust fields fail without supporting claims (0.446334ms)
✔ claim-gate node adapter consumes parsed output and the canonical ledger (0.161916ms)
✔ claim-gate node adapter fails closed without inputs or on violations (0.101125ms)
✔ claim-gate node adapter preserves and propagates a prior failure (0.08525ms)
✔ source-ledger full source executes with n8n $input and no CommonJS globals (1.981ms)
✔ claim-gate full source executes with n8n $input and no CommonJS globals (2.373625ms)
✔ writer-gate full source executes with n8n $input and no CommonJS globals (1.603208ms)
✔ resolver declares optional claim IDs at the root and every nested content object (1.887833ms)
✔ optional claim IDs never enter the required output skeleton (0.756166ms)
✔ resolver still rejects unknown ST types (0.300792ms)
✔ writer prompt matches renderer-backed bildwunsch and ST-03 schema (0.524875ms)
✔ source ledger emits only canonical top-level and source fields (2.58425ms)
✔ portable SHA-256 matches canonical ASCII and UTF-8 vectors (0.088083ms)
✔ source ledger produces stable IDs and exact source spans (1.714833ms)
✔ claims emit canonical fields and explicit claim types (0.152334ms)
✔ computed claim declares only its formula and operands and recomputes its value (0.121084ms)
✔ computed claims parse dot decimals without treating the dot as a thousands separator (0.130583ms)
✔ computed claims parse German comma decimals (0.088792ms)
✔ computed claims parse unambiguous repeated thousands groups (0.111958ms)
✔ computed claims reject ambiguous single-separator numbers (0.209625ms)
✔ computed claims reject malformed numeric grouping (0.119209ms)
✔ computed difference rejects incompatible operand and result dimensions (0.124666ms)
✔ difference and ratio require exactly two operands (0.145291ms)
✔ sum uses every operand and requires compatible dimensions (0.139667ms)
✔ claim source text must match an exact source span (0.054208ms)
✔ source rights metadata is required (0.0445ms)
✔ source-ledger node adapter preserves the item and attaches the canonical handshake (0.212708ms)
✔ German-direct writer output passes and English prose fails (3.87025ms)
✔ short English titles and labels fail while short German labels pass (0.194625ms)
✔ mixed English prose fails despite isolated German function words (0.073167ms)
✔ writer gate retains deterministic German copy-law checks (1.829458ms)
✔ German banned vocabulary rejects common adjective inflections (0.144292ms)
✔ writer gate source contains no translation mode architecture (0.143708ms)
✔ writer node adapter preserves the item, attaches versions, and fails closed (0.122708ms)
ℹ tests 51
ℹ suites 0
ℹ pass 51
ℹ fail 0
ℹ cancelled 0
ℹ skipped 0
ℹ todo 0
ℹ duration_ms 73.349916
