✔ valid claim IDs ground numbers, quotes, credentials, and named results (4.864333ms)
✔ a number present in source text still fails without a claim ID (0.737041ms)
✔ integer and decimal JSON primitives at the root fail without claim IDs (1.191083ms)
✔ nested numeric primitives use inherited claim IDs through objects and arrays (0.1405ms)
✔ nested numeric primitives fail when the nearest inherited claims do not match (0.159ms)
✔ unknown and malformed claim ID declarations fail closed (0.459166ms)
✔ numeric grounding compares values exactly instead of by substring (0.127459ms)
✔ numeric grounding requires compatible units (0.352417ms)
✔ different unrecognized unit words do not ground each other (0.425916ms)
✔ an exact unrecognized unit word remains groundable (0.41725ms)
✔ a shared adjective cannot ground different unknown compound measures (0.120292ms)
✔ unknown compound measures require bounded full-phrase matches (0.26275ms)
✔ numeric grounding compares complete per-unit context (0.111583ms)
✔ numeric grounding compares currency following a scale (0.068041ms)
✔ ambiguous German numeric tokens require exact raw equality (0.129ms)
✔ credential grounding rejects partial canonical text (0.0415ms)
✔ unsupported quote, credential, and named result fail independently (0.123458ms)
✔ actual resolver outcome and trust fields fail without supporting claims (0.537583ms)
✔ claim-gate node adapter consumes parsed output and the canonical ledger (0.203125ms)
✔ claim-gate node adapter fails closed without inputs or on violations (0.119875ms)
✔ claim-gate node adapter preserves and propagates a prior failure (0.097084ms)
✔ source-ledger full source executes with n8n $input and no CommonJS globals (1.998375ms)
✔ claim-gate full source executes with n8n $input and no CommonJS globals (2.533916ms)
✔ writer-gate full source executes with n8n $input and no CommonJS globals (2.097208ms)
✔ resolver declares optional claim IDs at the root and every nested content object (1.944416ms)
✔ optional claim IDs never enter the required output skeleton (0.71825ms)
✔ resolver still rejects unknown ST types (0.566ms)
✔ writer prompt matches renderer-backed bildwunsch and ST-03 schema (0.539417ms)
✔ source ledger emits only canonical top-level and source fields (2.839167ms)
✔ portable SHA-256 matches canonical ASCII and UTF-8 vectors (0.107666ms)
✔ source ledger produces stable IDs and exact source spans (2.49725ms)
✔ claims emit canonical fields and explicit claim types (0.191583ms)
✔ computed claim declares only its formula and operands and recomputes its value (0.183625ms)
✔ computed claims parse dot decimals without treating the dot as a thousands separator (0.2045ms)
✔ computed claims parse German comma decimals (0.247625ms)
✔ computed claims parse unambiguous repeated thousands groups (0.210334ms)
✔ computed claims reject ambiguous single-separator numbers (0.285458ms)
✔ computed claims reject malformed numeric grouping (1.305084ms)
✔ computed difference rejects incompatible operand and result dimensions (0.31275ms)
✔ difference and ratio require exactly two operands (0.218208ms)
✔ sum uses every operand and requires compatible dimensions (0.279042ms)
✔ claim source text must match an exact source span (0.1115ms)
✔ source rights metadata is required (0.09275ms)
✔ source-ledger node adapter preserves the item and attaches the canonical handshake (0.34475ms)
✔ German-direct writer output passes and English prose fails (3.853416ms)
✔ short English titles and labels fail while short German labels pass (0.164292ms)
✔ mixed English prose fails despite isolated German function words (0.204791ms)
✔ writer gate retains deterministic German copy-law checks (2.145ms)
✔ German banned vocabulary rejects common adjective inflections (0.192ms)
✔ writer gate source contains no translation mode architecture (0.313ms)
✔ writer node adapter preserves the item, attaches versions, and fails closed (0.183583ms)
ℹ tests 51
ℹ suites 0
ℹ pass 51
ℹ fail 0
ℹ cancelled 0
ℹ skipped 0
ℹ todo 0
ℹ duration_ms 77.966041
