✔ valid claim IDs ground numbers, quotes, credentials, and named results (4.893625ms)
✔ a number present in source text still fails without a claim ID (0.62425ms)
✔ integer and decimal JSON primitives at the root fail without claim IDs (0.843334ms)
✔ nested numeric primitives use inherited claim IDs through objects and arrays (0.475042ms)
✔ nested numeric primitives fail when the nearest inherited claims do not match (0.09ms)
✔ unknown and malformed claim ID declarations fail closed (0.223959ms)
✔ numeric grounding compares values exactly instead of by substring (0.075583ms)
✔ numeric grounding requires compatible units (0.179125ms)
✔ different unrecognized unit words do not ground each other (0.278125ms)
✔ an exact unrecognized unit word remains groundable (0.274625ms)
✔ a shared adjective cannot ground different unknown compound measures (0.069084ms)
✔ unknown compound measures require bounded full-phrase matches (0.161041ms)
✔ numeric grounding compares complete per-unit context (0.090208ms)
✔ numeric grounding compares currency following a scale (0.062125ms)
✔ ambiguous German numeric tokens require exact raw equality (0.107375ms)
✔ credential grounding rejects partial canonical text (0.03675ms)
✔ unsupported quote, credential, and named result fail independently (0.103125ms)
✔ actual resolver outcome and trust fields fail without supporting claims (0.447ms)
✔ claim-gate node adapter consumes parsed output and the canonical ledger (0.167292ms)
✔ claim-gate node adapter fails closed without inputs or on violations (0.11075ms)
✔ claim-gate node adapter preserves and propagates a prior failure (0.086125ms)
✔ source-ledger full source executes with n8n $input and no CommonJS globals (2.1075ms)
✔ claim-gate full source executes with n8n $input and no CommonJS globals (2.71975ms)
✔ writer-gate full source executes with n8n $input and no CommonJS globals (1.957166ms)
✔ resolver declares optional claim IDs at the root and every nested content object (2.19775ms)
✔ optional claim IDs never enter the required output skeleton (0.736708ms)
✔ resolver still rejects unknown ST types (0.285292ms)
✔ writer prompt matches renderer-backed bildwunsch and ST-03 schema (0.479875ms)
✔ source ledger emits only canonical top-level and source fields (2.712625ms)
✔ portable SHA-256 matches canonical ASCII and UTF-8 vectors (0.107333ms)
✔ source ledger produces stable IDs and exact source spans (1.518084ms)
✔ claims emit canonical fields and explicit claim types (0.172209ms)
✔ computed claim declares only its formula and operands and recomputes its value (0.670833ms)
✔ computed claims parse dot decimals without treating the dot as a thousands separator (0.166083ms)
✔ computed claims parse German comma decimals (0.099083ms)
✔ computed claims parse unambiguous repeated thousands groups (0.12075ms)
✔ computed claims reject ambiguous single-separator numbers (0.215792ms)
✔ computed claims reject malformed numeric grouping (0.126542ms)
✔ computed difference rejects incompatible operand and result dimensions (0.135167ms)
✔ difference and ratio require exactly two operands (0.14525ms)
✔ sum uses every operand and requires compatible dimensions (0.141125ms)
✔ claim source text must match an exact source span (0.272125ms)
✔ source rights metadata is required (0.136167ms)
✔ source-ledger node adapter preserves the item and attaches the canonical handshake (0.286584ms)
✔ German-direct writer output passes and English prose fails (3.838541ms)
✔ short English titles and labels fail while short German labels pass (0.18575ms)
✔ mixed English prose fails despite isolated German function words (0.104ms)
✔ writer gate retains deterministic German copy-law checks (1.995125ms)
✔ German banned vocabulary rejects common adjective inflections (0.152125ms)
✔ writer gate source contains no translation mode architecture (0.149208ms)
✔ writer node adapter preserves the item, attaches versions, and fails closed (0.122042ms)
ℹ tests 51
ℹ suites 0
ℹ pass 51
ℹ fail 0
ℹ cancelled 0
ℹ skipped 0
ℹ todo 0
ℹ duration_ms 72.401166
