✔ valid claim IDs ground numbers, quotes, credentials, and named results (18.300584ms)
✔ a number present in source text still fails without a claim ID (1.0155ms)
✔ integer and decimal JSON primitives at the root fail without claim IDs (1.388334ms)
✔ nested numeric primitives use inherited claim IDs through objects and arrays (0.192083ms)
✔ nested numeric primitives fail when the nearest inherited claims do not match (0.08525ms)
✔ unknown and malformed claim ID declarations fail closed (0.230584ms)
✔ numeric grounding compares values exactly instead of by substring (0.073125ms)
✔ numeric grounding requires compatible units (0.218583ms)
✔ different unrecognized unit words do not ground each other (0.367083ms)
✔ an exact unrecognized unit word remains groundable (0.348584ms)
✔ a shared adjective cannot ground different unknown compound measures (0.083333ms)
✔ unknown compound measures require bounded full-phrase matches (0.417041ms)
✔ numeric grounding compares complete per-unit context (0.13575ms)
✔ numeric grounding compares currency following a scale (0.068292ms)
✔ ambiguous German numeric tokens require exact raw equality (0.28875ms)
✔ credential grounding rejects partial canonical text (0.130917ms)
✔ unsupported quote, credential, and named result fail independently (0.2245ms)
✔ actual resolver outcome and trust fields fail without supporting claims (0.620125ms)
✔ claim-gate node adapter consumes parsed output and the canonical ledger (0.260458ms)
✔ claim-gate node adapter fails closed without inputs or on violations (0.183083ms)
✔ claim-gate node adapter preserves and propagates a prior failure (0.099541ms)
✔ source-ledger full source executes with n8n $input and no CommonJS globals (9.797167ms)
✔ claim-gate full source executes with n8n $input and no CommonJS globals (4.795708ms)
✔ writer-gate full source executes with n8n $input and no CommonJS globals (3.160708ms)
✔ resolver declares optional claim IDs at the root and every nested content object (3.348541ms)
✔ optional claim IDs never enter the required output skeleton (1.901666ms)
✔ resolver still rejects unknown ST types (0.669125ms)
✔ writer prompt matches renderer-backed bildwunsch and ST-03 schema (0.675583ms)
✔ source ledger emits only canonical top-level and source fields (11.475583ms)
✔ portable SHA-256 matches canonical ASCII and UTF-8 vectors (0.205417ms)
✔ source ledger produces stable IDs and exact source spans (20.086083ms)
✔ claims emit canonical fields and explicit claim types (0.266917ms)
✔ computed claim declares only its formula and operands and recomputes its value (0.16475ms)
✔ computed claims parse dot decimals without treating the dot as a thousands separator (2.49925ms)
✔ computed claims parse German comma decimals (0.156792ms)
✔ computed claims parse unambiguous repeated thousands groups (0.150209ms)
✔ computed claims reject ambiguous single-separator numbers (0.236208ms)
✔ computed claims reject malformed numeric grouping (0.1275ms)
✔ computed difference rejects incompatible operand and result dimensions (0.67625ms)
✔ difference and ratio require exactly two operands (0.443791ms)
✔ sum uses every operand and requires compatible dimensions (0.172709ms)
✔ claim source text must match an exact source span (0.070458ms)
✔ source rights metadata is required (0.064208ms)
✔ source-ledger node adapter preserves the item and attaches the canonical handshake (0.229042ms)
✔ German-direct writer output passes and English prose fails (11.418542ms)
✔ short English titles and labels fail while short German labels pass (0.393833ms)
✔ mixed English prose fails despite isolated German function words (0.244833ms)
✔ writer gate retains deterministic German copy-law checks (3.153333ms)
✔ German banned vocabulary rejects common adjective inflections (0.255792ms)
✔ writer gate source contains no translation mode architecture (0.271792ms)
✔ writer node adapter preserves the item, attaches versions, and fails closed (0.153584ms)
ℹ tests 51
ℹ suites 0
ℹ pass 51
ℹ fail 0
ℹ cancelled 0
ℹ skipped 0
ℹ todo 0
ℹ duration_ms 196.583417
