✔ valid claim IDs ground numbers, quotes, credentials, and named results (4.775ms)
✔ a number present in source text still fails without a claim ID (0.623834ms)
✔ integer and decimal JSON primitives at the root fail without claim IDs (0.865041ms)
✔ nested numeric primitives use inherited claim IDs through objects and arrays (0.479041ms)
✔ nested numeric primitives fail when the nearest inherited claims do not match (0.085167ms)
✔ unknown and malformed claim ID declarations fail closed (0.205ms)
✔ numeric grounding compares values exactly instead of by substring (0.066417ms)
✔ numeric grounding requires compatible units (0.165042ms)
✔ different unrecognized unit words do not ground each other (0.255583ms)
✔ an exact unrecognized unit word remains groundable (0.259375ms)
✔ a shared adjective cannot ground different unknown compound measures (0.066917ms)
✔ unknown compound measures require bounded full-phrase matches (0.165666ms)
✔ numeric grounding compares complete per-unit context (0.09375ms)
✔ numeric grounding compares currency following a scale (0.053292ms)
✔ ambiguous German numeric tokens require exact raw equality (0.103417ms)
✔ credential grounding rejects partial canonical text (0.033625ms)
✔ unsupported quote, credential, and named result fail independently (0.09775ms)
✔ actual resolver outcome and trust fields fail without supporting claims (0.418167ms)
✔ claim-gate node adapter consumes parsed output and the canonical ledger (0.162375ms)
✔ claim-gate node adapter fails closed without inputs or on violations (0.106167ms)
✔ claim-gate node adapter preserves and propagates a prior failure (0.087833ms)
✔ source-ledger full source executes with n8n $input and no CommonJS globals (2.1055ms)
✔ claim-gate full source executes with n8n $input and no CommonJS globals (2.412042ms)
✔ writer-gate full source executes with n8n $input and no CommonJS globals (1.811417ms)
✔ resolver declares optional claim IDs at the root and every nested content object (2.151125ms)
✔ optional claim IDs never enter the required output skeleton (0.604125ms)
✔ resolver still rejects unknown ST types (0.269375ms)
✔ writer prompt matches renderer-backed bildwunsch and ST-03 schema (0.431917ms)
✔ source ledger emits only canonical top-level and source fields (2.628083ms)
✔ portable SHA-256 matches canonical ASCII and UTF-8 vectors (0.089625ms)
✔ source ledger produces stable IDs and exact source spans (1.66675ms)
✔ claims emit canonical fields and explicit claim types (0.423417ms)
✔ computed claim declares only its formula and operands and recomputes its value (0.135208ms)
✔ computed claims parse dot decimals without treating the dot as a thousands separator (0.149375ms)
✔ computed claims parse German comma decimals (0.089583ms)
✔ computed claims parse unambiguous repeated thousands groups (0.118667ms)
✔ computed claims reject ambiguous single-separator numbers (0.216042ms)
✔ computed claims reject malformed numeric grouping (0.131ms)
✔ computed difference rejects incompatible operand and result dimensions (0.135333ms)
✔ difference and ratio require exactly two operands (0.149917ms)
✔ sum uses every operand and requires compatible dimensions (0.142583ms)
✔ claim source text must match an exact source span (0.057208ms)
✔ source rights metadata is required (0.05375ms)
✔ source-ledger node adapter preserves the item and attaches the canonical handshake (0.225625ms)
✔ German-direct writer output passes and English prose fails (3.901833ms)
✔ short English titles and labels fail while short German labels pass (0.2735ms)
✔ mixed English prose fails despite isolated German function words (0.076208ms)
✔ writer gate retains deterministic German copy-law checks (2.101292ms)
✔ German banned vocabulary rejects common adjective inflections (0.163292ms)
✔ writer gate source contains no translation mode architecture (0.1525ms)
✔ writer node adapter preserves the item, attaches versions, and fails closed (0.132875ms)
ℹ tests 51
ℹ suites 0
ℹ pass 51
ℹ fail 0
ℹ cancelled 0
ℹ skipped 0
ℹ todo 0
ℹ duration_ms 73.409792
