✔ valid claim IDs ground numbers, quotes, credentials, and named results (4.523292ms)
✔ a number present in source text still fails without a claim ID (0.613667ms)
✔ integer and decimal JSON primitives at the root fail without claim IDs (0.865875ms)
✔ nested numeric primitives use inherited claim IDs through objects and arrays (0.112833ms)
✔ nested numeric primitives fail when the nearest inherited claims do not match (0.38375ms)
✔ unknown and malformed claim ID declarations fail closed (0.205417ms)
✔ numeric grounding compares values exactly instead of by substring (0.06575ms)
✔ numeric grounding requires compatible units (0.161208ms)
✔ different unrecognized unit words do not ground each other (0.251333ms)
✔ an exact unrecognized unit word remains groundable (0.260458ms)
✔ a shared adjective cannot ground different unknown compound measures (0.058458ms)
✔ unknown compound measures require bounded full-phrase matches (0.15425ms)
✔ numeric grounding compares complete per-unit context (0.180291ms)
✔ numeric grounding compares currency following a scale (0.146625ms)
✔ ambiguous German numeric tokens require exact raw equality (0.227542ms)
✔ credential grounding rejects partial canonical text (0.059041ms)
✔ unsupported quote, credential, and named result fail independently (0.136166ms)
✔ actual resolver outcome and trust fields fail without supporting claims (0.639ms)
✔ claim-gate node adapter consumes parsed output and the canonical ledger (0.17525ms)
✔ claim-gate node adapter fails closed without inputs or on violations (0.102917ms)
✔ claim-gate node adapter preserves and propagates a prior failure (0.090917ms)
✔ source-ledger full source executes with n8n $input and no CommonJS globals (2.295291ms)
✔ claim-gate full source executes with n8n $input and no CommonJS globals (2.907833ms)
✔ writer-gate full source executes with n8n $input and no CommonJS globals (1.678625ms)
✔ resolver declares optional claim IDs at the root and every nested content object (2.086ms)
✔ optional claim IDs never enter the required output skeleton (0.803792ms)
✔ resolver still rejects unknown ST types (0.326416ms)
✔ writer prompt matches renderer-backed bildwunsch and ST-03 schema (0.495041ms)
✔ source ledger emits only canonical top-level and source fields (3.02425ms)
✔ portable SHA-256 matches canonical ASCII and UTF-8 vectors (0.09875ms)
✔ source ledger produces stable IDs and exact source spans (1.96175ms)
✔ claims emit canonical fields and explicit claim types (0.20475ms)
✔ computed claim declares only its formula and operands and recomputes its value (0.140292ms)
✔ computed claims parse dot decimals without treating the dot as a thousands separator (0.147291ms)
✔ computed claims parse German comma decimals (0.094459ms)
✔ computed claims parse unambiguous repeated thousands groups (0.118375ms)
✔ computed claims reject ambiguous single-separator numbers (0.358792ms)
✔ computed claims reject malformed numeric grouping (0.2765ms)
✔ computed difference rejects incompatible operand and result dimensions (0.15575ms)
✔ difference and ratio require exactly two operands (0.147667ms)
✔ sum uses every operand and requires compatible dimensions (0.152208ms)
✔ claim source text must match an exact source span (0.058ms)
✔ source rights metadata is required (0.049333ms)
✔ source-ledger node adapter preserves the item and attaches the canonical handshake (0.24525ms)
✔ German-direct writer output passes and English prose fails (4.165542ms)
✔ short English titles and labels fail while short German labels pass (0.180625ms)
✔ mixed English prose fails despite isolated German function words (0.065083ms)
✔ writer gate retains deterministic German copy-law checks (1.835875ms)
✔ German banned vocabulary rejects common adjective inflections (0.13525ms)
✔ writer gate source contains no translation mode architecture (0.144ms)
✔ writer node adapter preserves the item, attaches versions, and fails closed (0.120166ms)
ℹ tests 51
ℹ suites 0
ℹ pass 51
ℹ fail 0
ℹ cancelled 0
ℹ skipped 0
ℹ todo 0
ℹ duration_ms 76.373875
