✔ valid claim IDs ground numbers, quotes, credentials, and named results (4.577708ms)
✔ a number present in source text still fails without a claim ID (0.627792ms)
✔ integer and decimal JSON primitives at the root fail without claim IDs (0.810666ms)
✔ nested numeric primitives use inherited claim IDs through objects and arrays (0.113167ms)
✔ nested numeric primitives fail when the nearest inherited claims do not match (0.381792ms)
✔ unknown and malformed claim ID declarations fail closed (0.383916ms)
✔ numeric grounding compares values exactly instead of by substring (0.142875ms)
✔ numeric grounding requires compatible units (0.243125ms)
✔ different unrecognized unit words do not ground each other (0.43ms)
✔ an exact unrecognized unit word remains groundable (0.357291ms)
✔ a shared adjective cannot ground different unknown compound measures (0.075041ms)
✔ unknown compound measures require bounded full-phrase matches (0.171625ms)
✔ numeric grounding compares complete per-unit context (0.099542ms)
✔ numeric grounding compares currency following a scale (0.052666ms)
✔ ambiguous German numeric tokens require exact raw equality (0.10975ms)
✔ credential grounding rejects partial canonical text (0.041333ms)
✔ unsupported quote, credential, and named result fail independently (0.117083ms)
✔ actual resolver outcome and trust fields fail without supporting claims (0.439875ms)
✔ claim-gate node adapter consumes parsed output and the canonical ledger (0.164167ms)
✔ claim-gate node adapter fails closed without inputs or on violations (0.097375ms)
✔ claim-gate node adapter preserves and propagates a prior failure (0.09025ms)
✔ source-ledger full source executes with n8n $input and no CommonJS globals (2.313041ms)
✔ claim-gate full source executes with n8n $input and no CommonJS globals (3.087959ms)
✔ writer-gate full source executes with n8n $input and no CommonJS globals (1.66875ms)
✔ resolver declares optional claim IDs at the root and every nested content object (2.589416ms)
✔ optional claim IDs never enter the required output skeleton (0.702916ms)
✔ resolver still rejects unknown ST types (0.287583ms)
✔ writer prompt matches renderer-backed bildwunsch and ST-03 schema (0.927209ms)
✔ source ledger emits only canonical top-level and source fields (3.049791ms)
✔ portable SHA-256 matches canonical ASCII and UTF-8 vectors (0.093833ms)
✔ source ledger produces stable IDs and exact source spans (1.728125ms)
✔ claims emit canonical fields and explicit claim types (0.247958ms)
✔ computed claim declares only its formula and operands and recomputes its value (0.139ms)
✔ computed claims parse dot decimals without treating the dot as a thousands separator (0.43175ms)
✔ computed claims parse German comma decimals (0.093667ms)
✔ computed claims parse unambiguous repeated thousands groups (0.118875ms)
✔ computed claims reject ambiguous single-separator numbers (0.217917ms)
✔ computed claims reject malformed numeric grouping (0.144875ms)
✔ computed difference rejects incompatible operand and result dimensions (0.124458ms)
✔ difference and ratio require exactly two operands (0.146625ms)
✔ sum uses every operand and requires compatible dimensions (0.141166ms)
✔ claim source text must match an exact source span (0.055083ms)
✔ source rights metadata is required (0.04575ms)
✔ source-ledger node adapter preserves the item and attaches the canonical handshake (0.22375ms)
✔ German-direct writer output passes and English prose fails (4.656334ms)
✔ short English titles and labels fail while short German labels pass (0.166417ms)
✔ mixed English prose fails despite isolated German function words (0.063416ms)
✔ writer gate retains deterministic German copy-law checks (1.84025ms)
✔ German banned vocabulary rejects common adjective inflections (0.133042ms)
✔ writer gate source contains no translation mode architecture (0.143333ms)
✔ writer node adapter preserves the item, attaches versions, and fails closed (0.115208ms)
ℹ tests 51
ℹ suites 0
ℹ pass 51
ℹ fail 0
ℹ cancelled 0
ℹ skipped 0
ℹ todo 0
ℹ duration_ms 78.81475
