
==================================== ERRORS ====================================
____________________ ERROR collecting tests/test_footer.py _____________________
tests/test_footer.py:10: in <module>
    from assembler import shared_head_css, FONT_DIR
assembler.py:38: in <module>
    import weasyprint  # noqa: E402
    ^^^^^^^^^^^^^^^^^
.venv/lib/python3.11/site-packages/weasyprint/__init__.py:372: in <module>
    from .css import preprocess_stylesheet  # noqa: I001, E402
    ^^^^^^^^^^^^^^^^^^^^^^^^^^^^^^^^^^^^^^
.venv/lib/python3.11/site-packages/weasyprint/css/__init__.py:29: in <module>
    from ..text.fonts import FontConfiguration
.venv/lib/python3.11/site-packages/weasyprint/text/fonts.py:17: in <module>
    from .constants import (  # isort:skip
.venv/lib/python3.11/site-packages/weasyprint/text/constants.py:5: in <module>
    from .ffi import pango
.venv/lib/python3.11/site-packages/weasyprint/text/ffi.py:476: in <module>
    gobject = _dlopen(
.venv/lib/python3.11/site-packages/weasyprint/text/ffi.py:464: in _dlopen
    return ffi.dlopen(names[0], flags)  # pragma: no cover
           ^^^^^^^^^^^^^^^^^^^^^^^^^^^
.venv/lib/python3.11/site-packages/cffi/api.py:150: in dlopen
    lib, function_cache = _make_ffi_library(self, name, flags)
                          ^^^^^^^^^^^^^^^^^^^^^^^^^^^^^^^^^^^^
.venv/lib/python3.11/site-packages/cffi/api.py:834: in _make_ffi_library
    backendlib = _load_backend_lib(backend, libname, flags)
                 ^^^^^^^^^^^^^^^^^^^^^^^^^^^^^^^^^^^^^^^^^^
.venv/lib/python3.11/site-packages/cffi/api.py:829: in _load_backend_lib
    raise OSError(msg)
E   OSError: cannot load library 'libgobject-2.0-0': dlopen(libgobject-2.0-0, 0x0002): tried: 'libgobject-2.0-0' (no such file), '/System/Volumes/Preboot/Cryptexes/OSlibgobject-2.0-0' (no such file), '/Users/utkarsh/.local/share/uv/python/cpython-3.11.15-macos-aarch64-none/lib/libgobject-2.0-0' (no such file), '/usr/lib/libgobject-2.0-0' (no such file, not in dyld cache), 'libgobject-2.0-0' (no such file).  Additionally, ctypes.util.find_library() did not manage to locate a library called 'libgobject-2.0-0'
------------------------------- Captured stdout --------------------------------

-----

WeasyPrint could not import some external libraries. Please carefully follow the installation steps before reporting an issue:
https://doc.courtbouillon.org/weasyprint/stable/first_steps.html#installation
https://doc.courtbouillon.org/weasyprint/stable/first_steps.html#troubleshooting 

-----

__________________ ERROR collecting tests/test_render_cli.py ___________________
tests/test_render_cli.py:7: in <module>
    import render
render.py:23: in <module>
    from assembler import render_package  # noqa: E402
    ^^^^^^^^^^^^^^^^^^^^^^^^^^^^^^^^^^^^
assembler.py:38: in <module>
    import weasyprint  # noqa: E402
    ^^^^^^^^^^^^^^^^^
.venv/lib/python3.11/site-packages/weasyprint/__init__.py:372: in <module>
    from .css import preprocess_stylesheet  # noqa: I001, E402
    ^^^^^^^^^^^^^^^^^^^^^^^^^^^^^^^^^^^^^^
.venv/lib/python3.11/site-packages/weasyprint/css/__init__.py:29: in <module>
    from ..text.fonts import FontConfiguration
.venv/lib/python3.11/site-packages/weasyprint/text/fonts.py:17: in <module>
    from .constants import (  # isort:skip
.venv/lib/python3.11/site-packages/weasyprint/text/constants.py:5: in <module>
    from .ffi import pango
.venv/lib/python3.11/site-packages/weasyprint/text/ffi.py:476: in <module>
    gobject = _dlopen(
.venv/lib/python3.11/site-packages/weasyprint/text/ffi.py:464: in _dlopen
    return ffi.dlopen(names[0], flags)  # pragma: no cover
           ^^^^^^^^^^^^^^^^^^^^^^^^^^^
.venv/lib/python3.11/site-packages/cffi/api.py:150: in dlopen
    lib, function_cache = _make_ffi_library(self, name, flags)
                          ^^^^^^^^^^^^^^^^^^^^^^^^^^^^^^^^^^^^
.venv/lib/python3.11/site-packages/cffi/api.py:834: in _make_ffi_library
    backendlib = _load_backend_lib(backend, libname, flags)
                 ^^^^^^^^^^^^^^^^^^^^^^^^^^^^^^^^^^^^^^^^^^
.venv/lib/python3.11/site-packages/cffi/api.py:829: in _load_backend_lib
    raise OSError(msg)
E   OSError: cannot load library 'libgobject-2.0-0': dlopen(libgobject-2.0-0, 0x0002): tried: 'libgobject-2.0-0' (no such file), '/System/Volumes/Preboot/Cryptexes/OSlibgobject-2.0-0' (no such file), '/Users/utkarsh/.local/share/uv/python/cpython-3.11.15-macos-aarch64-none/lib/libgobject-2.0-0' (no such file), '/usr/lib/libgobject-2.0-0' (no such file, not in dyld cache), 'libgobject-2.0-0' (no such file).  Additionally, ctypes.util.find_library() did not manage to locate a library called 'libgobject-2.0-0'
------------------------------- Captured stdout --------------------------------

-----

WeasyPrint could not import some external libraries. Please carefully follow the installation steps before reporting an issue:
https://doc.courtbouillon.org/weasyprint/stable/first_steps.html#installation
https://doc.courtbouillon.org/weasyprint/stable/first_steps.html#troubleshooting 

-----

______________ ERROR collecting tests/test_treatment_pagesize.py _______________
tests/test_treatment_pagesize.py:52: in <module>
    from assembler import shared_head_css, FONT_DIR  # noqa: E402
    ^^^^^^^^^^^^^^^^^^^^^^^^^^^^^^^^^^^^^^^^^^^^^^^
assembler.py:38: in <module>
    import weasyprint  # noqa: E402
    ^^^^^^^^^^^^^^^^^
.venv/lib/python3.11/site-packages/weasyprint/__init__.py:372: in <module>
    from .css import preprocess_stylesheet  # noqa: I001, E402
    ^^^^^^^^^^^^^^^^^^^^^^^^^^^^^^^^^^^^^^
.venv/lib/python3.11/site-packages/weasyprint/css/__init__.py:29: in <module>
    from ..text.fonts import FontConfiguration
.venv/lib/python3.11/site-packages/weasyprint/text/fonts.py:17: in <module>
    from .constants import (  # isort:skip
.venv/lib/python3.11/site-packages/weasyprint/text/constants.py:5: in <module>
    from .ffi import pango
.venv/lib/python3.11/site-packages/weasyprint/text/ffi.py:476: in <module>
    gobject = _dlopen(
.venv/lib/python3.11/site-packages/weasyprint/text/ffi.py:464: in _dlopen
    return ffi.dlopen(names[0], flags)  # pragma: no cover
           ^^^^^^^^^^^^^^^^^^^^^^^^^^^
.venv/lib/python3.11/site-packages/cffi/api.py:150: in dlopen
    lib, function_cache = _make_ffi_library(self, name, flags)
                          ^^^^^^^^^^^^^^^^^^^^^^^^^^^^^^^^^^^^
.venv/lib/python3.11/site-packages/cffi/api.py:834: in _make_ffi_library
    backendlib = _load_backend_lib(backend, libname, flags)
                 ^^^^^^^^^^^^^^^^^^^^^^^^^^^^^^^^^^^^^^^^^^
.venv/lib/python3.11/site-packages/cffi/api.py:829: in _load_backend_lib
    raise OSError(msg)
E   OSError: cannot load library 'libgobject-2.0-0': dlopen(libgobject-2.0-0, 0x0002): tried: 'libgobject-2.0-0' (no such file), '/System/Volumes/Preboot/Cryptexes/OSlibgobject-2.0-0' (no such file), '/Users/utkarsh/.local/share/uv/python/cpython-3.11.15-macos-aarch64-none/lib/libgobject-2.0-0' (no such file), '/usr/lib/libgobject-2.0-0' (no such file, not in dyld cache), 'libgobject-2.0-0' (no such file).  Additionally, ctypes.util.find_library() did not manage to locate a library called 'libgobject-2.0-0'
------------------------------- Captured stdout --------------------------------

-----

WeasyPrint could not import some external libraries. Please carefully follow the installation steps before reporting an issue:
https://doc.courtbouillon.org/weasyprint/stable/first_steps.html#installation
https://doc.courtbouillon.org/weasyprint/stable/first_steps.html#troubleshooting 

-----

_________________ ERROR collecting tests/test_treatment_qc.py __________________
tests/test_treatment_qc.py:42: in <module>
    from assembler import render_package  # noqa: E402
    ^^^^^^^^^^^^^^^^^^^^^^^^^^^^^^^^^^^^
assembler.py:38: in <module>
    import weasyprint  # noqa: E402
    ^^^^^^^^^^^^^^^^^
.venv/lib/python3.11/site-packages/weasyprint/__init__.py:372: in <module>
    from .css import preprocess_stylesheet  # noqa: I001, E402
    ^^^^^^^^^^^^^^^^^^^^^^^^^^^^^^^^^^^^^^
.venv/lib/python3.11/site-packages/weasyprint/css/__init__.py:29: in <module>
    from ..text.fonts import FontConfiguration
.venv/lib/python3.11/site-packages/weasyprint/text/fonts.py:17: in <module>
    from .constants import (  # isort:skip
.venv/lib/python3.11/site-packages/weasyprint/text/constants.py:5: in <module>
    from .ffi import pango
.venv/lib/python3.11/site-packages/weasyprint/text/ffi.py:476: in <module>
    gobject = _dlopen(
.venv/lib/python3.11/site-packages/weasyprint/text/ffi.py:464: in _dlopen
    return ffi.dlopen(names[0], flags)  # pragma: no cover
           ^^^^^^^^^^^^^^^^^^^^^^^^^^^
.venv/lib/python3.11/site-packages/cffi/api.py:150: in dlopen
    lib, function_cache = _make_ffi_library(self, name, flags)
                          ^^^^^^^^^^^^^^^^^^^^^^^^^^^^^^^^^^^^
.venv/lib/python3.11/site-packages/cffi/api.py:834: in _make_ffi_library
    backendlib = _load_backend_lib(backend, libname, flags)
                 ^^^^^^^^^^^^^^^^^^^^^^^^^^^^^^^^^^^^^^^^^^
.venv/lib/python3.11/site-packages/cffi/api.py:829: in _load_backend_lib
    raise OSError(msg)
E   OSError: cannot load library 'libgobject-2.0-0': dlopen(libgobject-2.0-0, 0x0002): tried: 'libgobject-2.0-0' (no such file), '/System/Volumes/Preboot/Cryptexes/OSlibgobject-2.0-0' (no such file), '/Users/utkarsh/.local/share/uv/python/cpython-3.11.15-macos-aarch64-none/lib/libgobject-2.0-0' (no such file), '/usr/lib/libgobject-2.0-0' (no such file, not in dyld cache), 'libgobject-2.0-0' (no such file).  Additionally, ctypes.util.find_library() did not manage to locate a library called 'libgobject-2.0-0'
------------------------------- Captured stdout --------------------------------

-----

WeasyPrint could not import some external libraries. Please carefully follow the installation steps before reporting an issue:
https://doc.courtbouillon.org/weasyprint/stable/first_steps.html#installation
https://doc.courtbouillon.org/weasyprint/stable/first_steps.html#troubleshooting 

-----

________________ ERROR collecting tests/test_treatment_slice.py ________________
tests/test_treatment_slice.py:50: in <module>
    from assembler import render_package  # noqa: E402
    ^^^^^^^^^^^^^^^^^^^^^^^^^^^^^^^^^^^^
assembler.py:38: in <module>
    import weasyprint  # noqa: E402
    ^^^^^^^^^^^^^^^^^
.venv/lib/python3.11/site-packages/weasyprint/__init__.py:372: in <module>
    from .css import preprocess_stylesheet  # noqa: I001, E402
    ^^^^^^^^^^^^^^^^^^^^^^^^^^^^^^^^^^^^^^
.venv/lib/python3.11/site-packages/weasyprint/css/__init__.py:29: in <module>
    from ..text.fonts import FontConfiguration
.venv/lib/python3.11/site-packages/weasyprint/text/fonts.py:17: in <module>
    from .constants import (  # isort:skip
.venv/lib/python3.11/site-packages/weasyprint/text/constants.py:5: in <module>
    from .ffi import pango
.venv/lib/python3.11/site-packages/weasyprint/text/ffi.py:476: in <module>
    gobject = _dlopen(
.venv/lib/python3.11/site-packages/weasyprint/text/ffi.py:464: in _dlopen
    return ffi.dlopen(names[0], flags)  # pragma: no cover
           ^^^^^^^^^^^^^^^^^^^^^^^^^^^
.venv/lib/python3.11/site-packages/cffi/api.py:150: in dlopen
    lib, function_cache = _make_ffi_library(self, name, flags)
                          ^^^^^^^^^^^^^^^^^^^^^^^^^^^^^^^^^^^^
.venv/lib/python3.11/site-packages/cffi/api.py:834: in _make_ffi_library
    backendlib = _load_backend_lib(backend, libname, flags)
                 ^^^^^^^^^^^^^^^^^^^^^^^^^^^^^^^^^^^^^^^^^^
.venv/lib/python3.11/site-packages/cffi/api.py:829: in _load_backend_lib
    raise OSError(msg)
E   OSError: cannot load library 'libgobject-2.0-0': dlopen(libgobject-2.0-0, 0x0002): tried: 'libgobject-2.0-0' (no such file), '/System/Volumes/Preboot/Cryptexes/OSlibgobject-2.0-0' (no such file), '/Users/utkarsh/.local/share/uv/python/cpython-3.11.15-macos-aarch64-none/lib/libgobject-2.0-0' (no such file), '/usr/lib/libgobject-2.0-0' (no such file, not in dyld cache), 'libgobject-2.0-0' (no such file).  Additionally, ctypes.util.find_library() did not manage to locate a library called 'libgobject-2.0-0'
------------------------------- Captured stdout --------------------------------

-----

WeasyPrint could not import some external libraries. Please carefully follow the installation steps before reporting an issue:
https://doc.courtbouillon.org/weasyprint/stable/first_steps.html#installation
https://doc.courtbouillon.org/weasyprint/stable/first_steps.html#troubleshooting 

-----

_______________ ERROR collecting tests/test_treatment_wiring.py ________________
tests/test_treatment_wiring.py:30: in <module>
    from assembler import _section, _render_one_page  # noqa: E402
    ^^^^^^^^^^^^^^^^^^^^^^^^^^^^^^^^^^^^^^^^^^^^^^^^
assembler.py:38: in <module>
    import weasyprint  # noqa: E402
    ^^^^^^^^^^^^^^^^^
.venv/lib/python3.11/site-packages/weasyprint/__init__.py:372: in <module>
    from .css import preprocess_stylesheet  # noqa: I001, E402
    ^^^^^^^^^^^^^^^^^^^^^^^^^^^^^^^^^^^^^^
.venv/lib/python3.11/site-packages/weasyprint/css/__init__.py:29: in <module>
    from ..text.fonts import FontConfiguration
.venv/lib/python3.11/site-packages/weasyprint/text/fonts.py:17: in <module>
    from .constants import (  # isort:skip
.venv/lib/python3.11/site-packages/weasyprint/text/constants.py:5: in <module>
    from .ffi import pango
.venv/lib/python3.11/site-packages/weasyprint/text/ffi.py:476: in <module>
    gobject = _dlopen(
.venv/lib/python3.11/site-packages/weasyprint/text/ffi.py:464: in _dlopen
    return ffi.dlopen(names[0], flags)  # pragma: no cover
           ^^^^^^^^^^^^^^^^^^^^^^^^^^^
.venv/lib/python3.11/site-packages/cffi/api.py:150: in dlopen
    lib, function_cache = _make_ffi_library(self, name, flags)
                          ^^^^^^^^^^^^^^^^^^^^^^^^^^^^^^^^^^^^
.venv/lib/python3.11/site-packages/cffi/api.py:834: in _make_ffi_library
    backendlib = _load_backend_lib(backend, libname, flags)
                 ^^^^^^^^^^^^^^^^^^^^^^^^^^^^^^^^^^^^^^^^^^
.venv/lib/python3.11/site-packages/cffi/api.py:829: in _load_backend_lib
    raise OSError(msg)
E   OSError: cannot load library 'libgobject-2.0-0': dlopen(libgobject-2.0-0, 0x0002): tried: 'libgobject-2.0-0' (no such file), '/System/Volumes/Preboot/Cryptexes/OSlibgobject-2.0-0' (no such file), '/Users/utkarsh/.local/share/uv/python/cpython-3.11.15-macos-aarch64-none/lib/libgobject-2.0-0' (no such file), '/usr/lib/libgobject-2.0-0' (no such file, not in dyld cache), 'libgobject-2.0-0' (no such file).  Additionally, ctypes.util.find_library() did not manage to locate a library called 'libgobject-2.0-0'
------------------------------- Captured stdout --------------------------------

-----

WeasyPrint could not import some external libraries. Please carefully follow the installation steps before reporting an issue:
https://doc.courtbouillon.org/weasyprint/stable/first_steps.html#installation
https://doc.courtbouillon.org/weasyprint/stable/first_steps.html#troubleshooting 

-----

_______________ ERROR collecting tests/test_visual_regression.py _______________
tests/test_visual_regression.py:19: in <module>
    from assembler import render_package  # noqa: E402
    ^^^^^^^^^^^^^^^^^^^^^^^^^^^^^^^^^^^^
assembler.py:38: in <module>
    import weasyprint  # noqa: E402
    ^^^^^^^^^^^^^^^^^
.venv/lib/python3.11/site-packages/weasyprint/__init__.py:372: in <module>
    from .css import preprocess_stylesheet  # noqa: I001, E402
    ^^^^^^^^^^^^^^^^^^^^^^^^^^^^^^^^^^^^^^
.venv/lib/python3.11/site-packages/weasyprint/css/__init__.py:29: in <module>
    from ..text.fonts import FontConfiguration
.venv/lib/python3.11/site-packages/weasyprint/text/fonts.py:17: in <module>
    from .constants import (  # isort:skip
.venv/lib/python3.11/site-packages/weasyprint/text/constants.py:5: in <module>
    from .ffi import pango
.venv/lib/python3.11/site-packages/weasyprint/text/ffi.py:476: in <module>
    gobject = _dlopen(
.venv/lib/python3.11/site-packages/weasyprint/text/ffi.py:464: in _dlopen
    return ffi.dlopen(names[0], flags)  # pragma: no cover
           ^^^^^^^^^^^^^^^^^^^^^^^^^^^
.venv/lib/python3.11/site-packages/cffi/api.py:150: in dlopen
    lib, function_cache = _make_ffi_library(self, name, flags)
                          ^^^^^^^^^^^^^^^^^^^^^^^^^^^^^^^^^^^^
.venv/lib/python3.11/site-packages/cffi/api.py:834: in _make_ffi_library
    backendlib = _load_backend_lib(backend, libname, flags)
                 ^^^^^^^^^^^^^^^^^^^^^^^^^^^^^^^^^^^^^^^^^^
.venv/lib/python3.11/site-packages/cffi/api.py:829: in _load_backend_lib
    raise OSError(msg)
E   OSError: cannot load library 'libgobject-2.0-0': dlopen(libgobject-2.0-0, 0x0002): tried: 'libgobject-2.0-0' (no such file), '/System/Volumes/Preboot/Cryptexes/OSlibgobject-2.0-0' (no such file), '/Users/utkarsh/.local/share/uv/python/cpython-3.11.15-macos-aarch64-none/lib/libgobject-2.0-0' (no such file), '/usr/lib/libgobject-2.0-0' (no such file, not in dyld cache), 'libgobject-2.0-0' (no such file).  Additionally, ctypes.util.find_library() did not manage to locate a library called 'libgobject-2.0-0'
------------------------------- Captured stdout --------------------------------

-----

WeasyPrint could not import some external libraries. Please carefully follow the installation steps before reporting an issue:
https://doc.courtbouillon.org/weasyprint/stable/first_steps.html#installation
https://doc.courtbouillon.org/weasyprint/stable/first_steps.html#troubleshooting 

-----

=============================== warnings summary ===============================
<frozen importlib._bootstrap>:241
<frozen importlib._bootstrap>:241
  <frozen importlib._bootstrap>:241: DeprecationWarning: builtin type SwigPyPacked has no __module__ attribute

<frozen importlib._bootstrap>:241
<frozen importlib._bootstrap>:241
  <frozen importlib._bootstrap>:241: DeprecationWarning: builtin type SwigPyObject has no __module__ attribute

<frozen importlib._bootstrap>:241
  <frozen importlib._bootstrap>:241: DeprecationWarning: builtin type swigvarlink has no __module__ attribute

-- Docs: https://docs.pytest.org/en/stable/how-to/capture-warnings.html
=========================== short test summary info ============================
ERROR tests/test_footer.py - OSError: cannot load library 'libgobject-2.0-0':...
ERROR tests/test_render_cli.py - OSError: cannot load library 'libgobject-2.0...
ERROR tests/test_treatment_pagesize.py - OSError: cannot load library 'libgob...
ERROR tests/test_treatment_qc.py - OSError: cannot load library 'libgobject-2...
ERROR tests/test_treatment_slice.py - OSError: cannot load library 'libgobjec...
ERROR tests/test_treatment_wiring.py - OSError: cannot load library 'libgobje...
ERROR tests/test_visual_regression.py - OSError: cannot load library 'libgobj...
!!!!!!!!!!!!!!!!!!! Interrupted: 7 errors during collection !!!!!!!!!!!!!!!!!!!!
5 warnings, 7 errors in 0.56s
sys:1: DeprecationWarning: builtin type swigvarlink has no __module__ attribute
