✔ valid claim IDs ground numbers, quotes, credentials, and named results (3.905959ms)
✔ a number present in source text still fails without a claim ID (0.58975ms)
✔ integer and decimal JSON primitives at the root fail without claim IDs (0.815209ms)
✔ nested numeric primitives use inherited claim IDs through objects and arrays (0.424041ms)
✔ nested numeric primitives fail when the nearest inherited claims do not match (0.105708ms)
✔ unknown and malformed claim ID declarations fail closed (0.222958ms)
✔ numeric grounding compares values exactly instead of by substring (0.24725ms)
✔ numeric grounding requires compatible units (0.385959ms)
✔ different unrecognized unit words do not ground each other (0.486958ms)
✔ an exact unrecognized unit word remains groundable (0.319291ms)
✔ a shared adjective cannot ground different unknown compound measures (0.073916ms)
✔ unknown compound measures require bounded full-phrase matches (0.16425ms)
✔ numeric grounding compares complete per-unit context (0.105292ms)
✔ numeric grounding compares currency following a scale (0.059ms)
✔ ambiguous German numeric tokens require exact raw equality (0.125458ms)
✔ credential grounding rejects partial canonical text (0.036666ms)
✔ unsupported quote, credential, and named result fail independently (0.109416ms)
✔ actual resolver outcome and trust fields fail without supporting claims (0.468334ms)
✔ claim-gate node adapter consumes parsed output and the canonical ledger (0.161125ms)
✔ claim-gate node adapter fails closed without inputs or on violations (0.1015ms)
✔ claim-gate node adapter preserves and propagates a prior failure (0.089792ms)
✔ source-ledger full source executes with n8n $input and no CommonJS globals (2.781541ms)
✔ claim-gate full source executes with n8n $input and no CommonJS globals (1.942792ms)
✔ writer-gate full source executes with n8n $input and no CommonJS globals (1.629917ms)
✔ resolver declares optional claim IDs at the root and every nested content object (2.404084ms)
✔ optional claim IDs never enter the required output skeleton (0.704042ms)
✔ resolver still rejects unknown ST types (0.292917ms)
✔ writer prompt matches renderer-backed bildwunsch and ST-03 schema (0.45675ms)
✔ source ledger emits only canonical top-level and source fields (2.923375ms)
✔ portable SHA-256 matches canonical ASCII and UTF-8 vectors (0.094792ms)
✔ source ledger produces stable IDs and exact source spans (1.79475ms)
✔ claims emit canonical fields and explicit claim types (0.245125ms)
✔ computed claim declares only its formula and operands and recomputes its value (0.15725ms)
✔ computed claims parse dot decimals without treating the dot as a thousands separator (0.153875ms)
✔ computed claims parse German comma decimals (0.091709ms)
✔ computed claims parse unambiguous repeated thousands groups (0.117541ms)
✔ computed claims reject ambiguous single-separator numbers (0.227917ms)
✔ computed claims reject malformed numeric grouping (0.123041ms)
✔ computed difference rejects incompatible operand and result dimensions (0.128417ms)
✔ difference and ratio require exactly two operands (0.135208ms)
✔ sum uses every operand and requires compatible dimensions (0.134333ms)
✔ claim source text must match an exact source span (0.064541ms)
✔ source rights metadata is required (0.049916ms)
✔ source-ledger node adapter preserves the item and attaches the canonical handshake (0.225708ms)
✔ German-direct writer output passes and English prose fails (4.363833ms)
✔ short English titles and labels fail while short German labels pass (0.1855ms)
✔ mixed English prose fails despite isolated German function words (0.066917ms)
✔ writer gate retains deterministic German copy-law checks (1.801041ms)
✔ German banned vocabulary rejects common adjective inflections (0.143125ms)
✔ writer gate source contains no translation mode architecture (0.146708ms)
✔ writer node adapter preserves the item, attaches versions, and fails closed (0.12075ms)
ℹ tests 51
ℹ suites 0
ℹ pass 51
ℹ fail 0
ℹ cancelled 0
ℹ skipped 0
ℹ todo 0
ℹ duration_ms 78.28025
